// Jest Snapshot v1, https://goo.gl/fbAQLP

exports[`ForecastCard renders the weekly forecast for the specified location: 
      Array [
        "Saturday22° / 22°",
        "Sunday22° / 22°",
        "Monday22° / 22°",
        "Tuesday20° / 20°",
        "Wednesday21° / 21°",
      ]
     1`] = `
[
  "Saturday22° / 22°",
  "Sunday22° / 22°",
  "Monday22° / 22°",
  "Tuesday20° / 20°",
  "Wednesday21° / 21°",
]
`;
